
Memory Configuration

Name             Origin             Length             Attributes
flash            0x00000000         0x20000000         xr
sram             0x20000000         0x20000000         xrw
*default*        0x00000000         0xffffffff

Linker script and memory map


.text           0x00000000      0x128
 *(.vectors*)
 .vectors       0x00000000       0x1c startup.o
                0x00000000                G_P_Fn_Vectors
 *(.text*)
 .text          0x0000001c       0x7c app.o
                0x0000001c                main
 .text          0x00000098       0x90 startup.o
                0x00000098                NMI_Handler
                0x00000098                H_Fault_Handler
                0x00000098                MM_Fault_Handler
                0x00000098                Usage_Fault_Handler
                0x00000098                Bus_Fault
                0x00000098                Defualt_Handler
                0x000000a4                Reset_Handler
 *(.rodata)
                0x00000128                _E_text = .

.glue_7         0x00000128        0x0
 .glue_7        0x00000128        0x0 linker stubs

.glue_7t        0x00000128        0x0
 .glue_7t       0x00000128        0x0 linker stubs

.vfp11_veneer   0x00000128        0x0
 .vfp11_veneer  0x00000128        0x0 linker stubs

.v4_bx          0x00000128        0x0
 .v4_bx         0x00000128        0x0 linker stubs

.iplt           0x00000128        0x0
 .iplt          0x00000128        0x0 startup.o

.rel.dyn        0x00000128        0x0
 .rel.iplt      0x00000128        0x0 startup.o

.data           0x20000000        0x0 load address 0x00000128
                0x20000000                _S_DATA = .
 *(.data)
 .data          0x20000000        0x0 app.o
 .data          0x20000000        0x0 startup.o
                0x20000000                . = ALIGN (0x4)
                0x20000000                _E_DATA = .

.igot.plt       0x20000000        0x0 load address 0x00000128
 .igot.plt      0x20000000        0x0 startup.o

.bss            0x20000000      0x400 load address 0x00000128
                0x20000000                _S_bss = .
 *(.bss*)
 .bss           0x20000000        0x0 app.o
 .bss           0x20000000      0x400 startup.o
                0x20000400                _E_bss = .
LOAD app.o
LOAD startup.o
OUTPUT(Toggle_Led_Cortex-m4.elf elf32-littlearm)
LOAD linker stubs

.debug_info     0x00000000      0x21a
 .debug_info    0x00000000       0x67 app.o
 .debug_info    0x00000067      0x1b3 startup.o

.debug_abbrev   0x00000000      0x144
 .debug_abbrev  0x00000000       0x5e app.o
 .debug_abbrev  0x0000005e       0xe6 startup.o

.debug_loc      0x00000000       0xb4
 .debug_loc     0x00000000       0x38 app.o
 .debug_loc     0x00000038       0x7c startup.o

.debug_aranges  0x00000000       0x40
 .debug_aranges
                0x00000000       0x20 app.o
 .debug_aranges
                0x00000020       0x20 startup.o

.debug_line     0x00000000      0x13b
 .debug_line    0x00000000       0x82 app.o
 .debug_line    0x00000082       0xb9 startup.o

.debug_str      0x00000000      0x1a0
 .debug_str     0x00000000       0xca app.o
                                 0xdc (size before relaxing)
 .debug_str     0x000000ca       0xd6 startup.o
                                0x1bd (size before relaxing)

.comment        0x00000000       0x49
 .comment       0x00000000       0x49 app.o
                                 0x4a (size before relaxing)
 .comment       0x00000049       0x4a startup.o

.ARM.attributes
                0x00000000       0x2e
 .ARM.attributes
                0x00000000       0x2e app.o
 .ARM.attributes
                0x0000002e       0x2e startup.o

.debug_frame    0x00000000       0x7c
 .debug_frame   0x00000000       0x2c app.o
 .debug_frame   0x0000002c       0x50 startup.o
