
Memory Configuration

Name             Origin             Length             Attributes
flash            0x00000000         0x20000000         xr
sram             0x20000000         0x20000000         xrw
*default*        0x00000000         0xffffffff

Linker script and memory map


.text           0x00000000       0xd8
 *(.vectors*)
 .vectors       0x00000000       0x50 startup.o
 *(.text*)
 .text          0x00000050       0x7c app.o
                0x00000050                main
 .text          0x000000cc        0xc startup.o
 *(.rodata)
                0x000000d8                _E_text = .

.glue_7         0x000000d8        0x0
 .glue_7        0x000000d8        0x0 linker stubs

.glue_7t        0x000000d8        0x0
 .glue_7t       0x000000d8        0x0 linker stubs

.vfp11_veneer   0x000000d8        0x0
 .vfp11_veneer  0x000000d8        0x0 linker stubs

.v4_bx          0x000000d8        0x0
 .v4_bx         0x000000d8        0x0 linker stubs

.iplt           0x000000d8        0x0
 .iplt          0x000000d8        0x0 startup.o

.rel.dyn        0x000000d8        0x0
 .rel.iplt      0x000000d8        0x0 startup.o

.data           0x20000000        0x0 load address 0x000000d8
                0x20000000                _S_DATA = .
 *(.data)
 .data          0x20000000        0x0 app.o
 .data          0x20000000        0x0 startup.o
                0x20000000                . = ALIGN (0x4)
                0x20000000                _E_DATA = .

.igot.plt       0x20000000        0x0 load address 0x000000d8
 .igot.plt      0x20000000        0x0 startup.o

.bss            0x20000000        0x0 load address 0x000000d8
                0x20000000                _S_bss = .
 *(.bss*)
 .bss           0x20000000        0x0 app.o
 .bss           0x20000000        0x0 startup.o
                0x20000000                _E_bss = .
LOAD app.o
LOAD startup.o
OUTPUT(Toggle_Led.elf elf32-littlearm)
LOAD linker stubs

.debug_info     0x00000000       0xed
 .debug_info    0x00000000       0xc7 app.o
 .debug_info    0x000000c7       0x26 startup.o

.debug_abbrev   0x00000000       0x7d
 .debug_abbrev  0x00000000       0x69 app.o
 .debug_abbrev  0x00000069       0x14 startup.o

.debug_loc      0x00000000       0x38
 .debug_loc     0x00000000       0x38 app.o

.debug_aranges  0x00000000       0x40
 .debug_aranges
                0x00000000       0x20 app.o
 .debug_aranges
                0x00000020       0x20 startup.o

.debug_line     0x00000000       0xa8
 .debug_line    0x00000000       0x6d app.o
 .debug_line    0x0000006d       0x3b startup.o

.debug_str      0x00000000      0x12c
 .debug_str     0x00000000      0x114 app.o
                                0x14d (size before relaxing)
 .debug_str     0x00000114       0x18 startup.o
                                 0x61 (size before relaxing)

.comment        0x00000000       0x49
 .comment       0x00000000       0x49 app.o
                                 0x4a (size before relaxing)

.ARM.attributes
                0x00000000       0x2b
 .ARM.attributes
                0x00000000       0x2d app.o
 .ARM.attributes
                0x0000002d       0x21 startup.o

.debug_frame    0x00000000       0x2c
 .debug_frame   0x00000000       0x2c app.o
